
> unified-3d-creator@0.1.0 build /Users/kashyapmaheshwari/Blender-Workspace/projects/unified-3d-creator
> next build

  ▲ Next.js 14.2.33
  - Environments: .env.local

(node:17384) Warning: Setting the NODE_TLS_REJECT_UNAUTHORIZED environment variable to '0' makes TLS connections and HTTPS requests insecure by disabling certificate verification.
(Use `node --trace-warnings ...` to show where the warning was created)
   Creating an optimized production build ...

warn - Your `content` configuration includes a pattern which looks like it's accidentally matching all of `node_modules` and can cause serious performance issues.
warn - Pattern: `./app/**/*.ts`
warn - See our documentation for recommendations:
warn - https://tailwindcss.com/docs/content-configuration#pattern-recommendations
 ✓ Compiled successfully
   Linting and checking validity of types ...
Failed to compile.

./app/studio/scene/r3f/SelectionOutline.tsx:293:37
Type error: Argument of type 'Object3D<Object3DEventMap> | Mesh<any, any, any>' is not assignable to parameter of type 'Mesh<BufferGeometry<NormalBufferAttributes>, Material | Material[], Object3DEventMap>'.
  Type 'Object3D<Object3DEventMap>' is missing the following properties from type 'Mesh<BufferGeometry<NormalBufferAttributes>, Material | Material[], Object3DEventMap>': isMesh, geometry, material, updateMorphTargets, getVertexPosition

[0m [90m 291 |[39m               [90m// Prefer visible meshes, but include invisible ones too[39m[0m
[0m [90m 292 |[39m               [36mif[39m (child[33m.[39mvisible) {[0m
[0m[31m[1m>[22m[39m[90m 293 |[39m                 meshesFound[33m.[39munshift(child)[33m;[39m [90m// Add visible meshes to front[39m[0m
[0m [90m     |[39m                                     [31m[1m^[22m[39m[0m
[0m [90m 294 |[39m                 console[33m.[39minfo([32m`  ├─ Found visible Mesh: "${child.name || 'unnamed'}" (type: ${(child as any).type || child.constructor.name}, geometry: ${(child as any).geometry?.type || 'unknown'})`[39m)[33m;[39m[0m
[0m [90m 295 |[39m               } [36melse[39m {[0m
[0m [90m 296 |[39m                 meshesFound[33m.[39mpush(child)[33m;[39m [90m// Add invisible meshes to back[39m[0m
Next.js build worker exited with code: 1 and signal: null
 ELIFECYCLE  Command failed with exit code 1.
